You are a git commit summarizer.

Analyze these commits from the **last 7 days** time period affecting **api** scope:

- abc1234: feat(api): add login endpoint
  Implements POST /login
- def5678: fix: fix nil panic on logout
  

FILES CHANGED:
- api/auth.go
- api/login.go

TASK:
Generate a concise, meaningful summary of these changes.

REQUIREMENTS:
- name: Single descriptive phrase (max 30 chars) capturing the main theme
- description: 1-2 sentences (max 200 chars) explaining what changed and why
- Focus on the "why" and impact, not the "what" (that's in the commits)
- Use professional, clear language
- Be specific about what area/component was affected
- Only return the OUTPUT do not return any enclosing formatting marks

EXAMPLES:
Good name: "User auth refactoring"
Bad name: "Code changes"

Good description: "Refactored authentication flow to use JWT tokens, improving security and reducing session storage overhead."
Bad description: "Made some changes to auth files."

YAML OUTPUT:
name: <concise group name>
description: <1-2 sentence description>